Starting job 13511788 ("CG-D-1n") on c13-33 at sø. 13. des. 16:39:00 +0100 2015

Currently Loaded Modulefiles:
  1) intel/2015.3          2) openmpi.intel/1.8.6

Job script resource usage:
       JobID  MaxVMSize     MaxRSS 
------------ ---------- ---------- 
13511788.ba+  31014276K  21107248K 

Job step resource usage:
       JobID    JobName  AllocCPUS  MaxVMSize     MaxRSS    Elapsed ExitCode 
------------ ---------- ---------- ---------- ---------- ---------- -------- 
13511788        CG-D-1n         16                         00:19:08      0:0 

Job 13511788 ("CG-D-1n") completed on c13-33 at sø. 13. des. 16:58:08 +0100 2015
