Starting job 13511778 ("CG-D-1n") on c13-35 at sø. 13. des. 16:39:00 +0100 2015

Currently Loaded Modulefiles:
  1) intel/2015.3          2) openmpi.intel/1.8.6

Job script resource usage:
       JobID  MaxVMSize     MaxRSS 
------------ ---------- ---------- 
13511778.ba+  31013620K  21078176K 

Job step resource usage:
       JobID    JobName  AllocCPUS  MaxVMSize     MaxRSS    Elapsed ExitCode 
------------ ---------- ---------- ---------- ---------- ---------- -------- 
13511778        CG-D-1n         16                         00:30:37      0:0 

Job 13511778 ("CG-D-1n") completed on c13-35 at sø. 13. des. 17:09:37 +0100 2015
