Starting job 13682860 ("CG-D") on c17-[4-7] at ma. 04. jan. 03:19:57 +0100 2016

Currently Loaded Modulefiles:
  1) intel/2015.3          2) openmpi.intel/1.8.6

Job step resource usage:
       JobID    JobName  AllocCPUS  MaxVMSize     MaxRSS    Elapsed ExitCode 
------------ ---------- ---------- ---------- ---------- ---------- -------- 
13682860           CG-D         64                         00:02:58      0:0 
13682860.0         true          4    270464K      1540K   00:00:00      0:0 
13682860.1        orted          3          0          0   00:02:57      0:0 

Job 13682860 ("CG-D") completed on c17-[4-7] at ma. 04. jan. 03:22:56 +0100 2016
