Starting job 13682865 ("CG-D") on c17-[4-7] at ma. 04. jan. 03:29:57 +0100 2016

Currently Loaded Modulefiles:
  1) intel/2015.3          2) openmpi.intel/1.8.6

Job step resource usage:
       JobID    JobName  AllocCPUS  MaxVMSize     MaxRSS    Elapsed ExitCode 
------------ ---------- ---------- ---------- ---------- ---------- -------- 
13682865           CG-D         64                         00:03:01      0:0 
13682865.0         true          4    270464K      1544K   00:00:00      0:0 
13682865.1        orted          3          0          0   00:03:01      0:0 

Job 13682865 ("CG-D") completed on c17-[4-7] at ma. 04. jan. 03:32:58 +0100 2016
