Starting job 13512632 ("CG-D-2n") on c3-[2-3] at sø. 13. des. 20:28:30 +0100 2015

Currently Loaded Modulefiles:
  1) intel/2015.3          2) openmpi.intel/1.8.6

Job step resource usage:
       JobID    JobName  AllocCPUS  MaxVMSize     MaxRSS    Elapsed ExitCode 
------------ ---------- ---------- ---------- ---------- ---------- -------- 
13512632        CG-D-2n         32                         00:09:33      0:0 
13512632.0         true          2    270456K      1532K   00:00:00      0:0 
13512632.1        orted          1          0          0   00:09:32      0:0 

Job 13512632 ("CG-D-2n") completed on c3-[2-3] at sø. 13. des. 20:38:03 +0100 2015
