Starting job 13657807 ("CG-D") on c18-9 at to. 31. des. 08:48:50 +0100 2015

Currently Loaded Modulefiles:
  1) intel/2015.3          2) openmpi.intel/1.8.6

Job script resource usage:
       JobID  MaxVMSize     MaxRSS 
------------ ---------- ---------- 
13657807.ba+  31012780K  21121652K 

Job step resource usage:
       JobID    JobName  AllocCPUS  MaxVMSize     MaxRSS    Elapsed ExitCode 
------------ ---------- ---------- ---------- ---------- ---------- -------- 
13657807           CG-D         16                         00:18:11      0:0 

Job 13657807 ("CG-D") completed on c18-9 at to. 31. des. 09:07:01 +0100 2015
