Starting job 13657803 ("CG-D") on c18-2 at to. 31. des. 09:26:51 +0100 2015

Currently Loaded Modulefiles:
  1) intel/2015.3          2) openmpi.intel/1.8.6

Job script resource usage:
       JobID  MaxVMSize     MaxRSS 
------------ ---------- ---------- 
13657803.ba+  31009536K  21122440K 

Job step resource usage:
       JobID    JobName  AllocCPUS  MaxVMSize     MaxRSS    Elapsed ExitCode 
------------ ---------- ---------- ---------- ---------- ---------- -------- 
13657803           CG-D         16                         00:19:08      0:0 

Job 13657803 ("CG-D") completed on c18-2 at to. 31. des. 09:45:58 +0100 2015
