Starting job 13657798 ("CG-D") on c18-2 at to. 31. des. 08:48:50 +0100 2015

Currently Loaded Modulefiles:
  1) intel/2015.3          2) openmpi.intel/1.8.6

Job script resource usage:
       JobID  MaxVMSize     MaxRSS 
------------ ---------- ---------- 
13657798.ba+  31015720K  21121644K 

Job step resource usage:
       JobID    JobName  AllocCPUS  MaxVMSize     MaxRSS    Elapsed ExitCode 
------------ ---------- ---------- ---------- ---------- ---------- -------- 
13657798           CG-D         16                         00:18:14      0:0 

Job 13657798 ("CG-D") completed on c18-2 at to. 31. des. 09:07:04 +0100 2015
