Starting job 13657810 ("CG-D") on c18-9 at to. 31. des. 09:07:20 +0100 2015

Currently Loaded Modulefiles:
  1) intel/2015.3          2) openmpi.intel/1.8.6

Job script resource usage:
       JobID  MaxVMSize     MaxRSS 
------------ ---------- ---------- 
13657810.ba+  31014412K  21121640K 

Job step resource usage:
       JobID    JobName  AllocCPUS  MaxVMSize     MaxRSS    Elapsed ExitCode 
------------ ---------- ---------- ---------- ---------- ---------- -------- 
13657810           CG-D         16                         00:19:16      0:0 

Job 13657810 ("CG-D") completed on c18-9 at to. 31. des. 09:26:36 +0100 2015
