Starting job 13657850 ("CG-D") on c18-9 at to. 31. des. 09:46:20 +0100 2015

Currently Loaded Modulefiles:
  1) intel/2015.3          2) openmpi.intel/1.8.6

Job script resource usage:
       JobID  MaxVMSize     MaxRSS 
------------ ---------- ---------- 
13657850.ba+  31010632K  21121664K 

Job step resource usage:
       JobID    JobName  AllocCPUS  MaxVMSize     MaxRSS    Elapsed ExitCode 
------------ ---------- ---------- ---------- ---------- ---------- -------- 
13657850           CG-D         16                         00:19:10      0:0 

Job 13657850 ("CG-D") completed on c18-9 at to. 31. des. 10:05:30 +0100 2015
