Starting job 13657805 ("CG-D") on c18-2 at to. 31. des. 09:46:20 +0100 2015

Currently Loaded Modulefiles:
  1) intel/2015.3          2) openmpi.intel/1.8.6

Job script resource usage:
       JobID  MaxVMSize     MaxRSS 
------------ ---------- ---------- 
13657805.ba+  31012284K  21122564K 

Job step resource usage:
       JobID    JobName  AllocCPUS  MaxVMSize     MaxRSS    Elapsed ExitCode 
------------ ---------- ---------- ---------- ---------- ---------- -------- 
13657805           CG-D         16                         00:18:08      0:0 

Job 13657805 ("CG-D") completed on c18-2 at to. 31. des. 10:04:28 +0100 2015
