Starting job 13504054 ("CG-D") on c4-10 at lø. 12. des. 19:02:16 +0100 2015

Currently Loaded Modulefiles:
  1) intel/2015.3          2) openmpi.intel/1.8.6

Job script resource usage:
       JobID  MaxVMSize     MaxRSS 
------------ ---------- ---------- 
13504054.ba+  31014336K  21121592K 

Job step resource usage:
       JobID    JobName  AllocCPUS  MaxVMSize     MaxRSS    Elapsed ExitCode 
------------ ---------- ---------- ---------- ---------- ---------- -------- 
13504054           CG-D         16                         00:19:17      0:0 

Job 13504054 ("CG-D") completed on c4-10 at lø. 12. des. 19:21:33 +0100 2015
