Starting job 13428450 ("cg.D.32-1") on c1-[6,10] at Thu Dec 10 21:51:58 CET 2015

Currently Loaded Modulefiles:
  1) intel/2015.3          2) openmpi.intel/1.8.6

Job step resource usage:
       JobID    JobName  AllocCPUS  MaxVMSize     MaxRSS    Elapsed ExitCode 
------------ ---------- ---------- ---------- ---------- ---------- -------- 
13428450      cg.D.32-1         32                         00:07:13      0:0 
13428450.0         true          2    270464K      1540K   00:00:00      0:0 
13428450.1        orted          1          0          0   00:07:08      0:0 

Job 13428450 ("cg.D.32-1") completed on c1-[6,10] at Thu Dec 10 21:59:06 CET 2015
Starting job 13428451 ("cg.D.32-1") on c1-[6,10] at Thu Dec 10 21:59:45 CET 2015

Currently Loaded Modulefiles:
  1) intel/2015.3          2) openmpi.intel/1.8.6

Job step resource usage:
       JobID    JobName  AllocCPUS  MaxVMSize     MaxRSS    Elapsed ExitCode 
------------ ---------- ---------- ---------- ---------- ---------- -------- 
13428451      cg.D.32-1         32                         00:07:46      0:0 
13428451.0         true          2    270464K      1540K   00:00:00      0:0 
13428451.1        orted          1          0          0   00:07:41      0:0 

Job 13428451 ("cg.D.32-1") completed on c1-[6,10] at Thu Dec 10 22:07:29 CET 2015
Starting job 13440631 ("cg.D.32-1") on c1-[6,10] at Thu Dec 10 22:08:18 CET 2015

Currently Loaded Modulefiles:
  1) intel/2015.3          2) openmpi.intel/1.8.6

Job step resource usage:
       JobID    JobName  AllocCPUS  MaxVMSize     MaxRSS    Elapsed ExitCode 
------------ ---------- ---------- ---------- ---------- ---------- -------- 
13440631      cg.D.32-1         32                         00:08:52      0:0 
13440631.0         true          2    270464K      1544K   00:00:03      0:0 
13440631.1        orted          1          0          0   00:08:47      0:0 

Job 13440631 ("cg.D.32-1") completed on c1-[6,10] at Thu Dec 10 22:17:07 CET 2015
Starting job 13440632 ("cg.D.32-1") on c1-[6,10] at Thu Dec 10 22:18:07 CET 2015

Currently Loaded Modulefiles:
  1) intel/2015.3          2) openmpi.intel/1.8.6

Job step resource usage:
       JobID    JobName  AllocCPUS  MaxVMSize     MaxRSS    Elapsed ExitCode 
------------ ---------- ---------- ---------- ---------- ---------- -------- 
13440632      cg.D.32-1         32                         00:09:07      0:0 
13440632.0         true          2    270464K      1540K   00:00:00      0:0 
13440632.1        orted          1          0          0   00:09:02      0:0 

Job 13440632 ("cg.D.32-1") completed on c1-[6,10] at Thu Dec 10 22:27:12 CET 2015
Starting job 13503755 ("cg.D.32") on c3-26,c13-19 at lø. 12. des. 16:19:44 +0100 2015

Currently Loaded Modulefiles:
  1) intel/2015.3          2) openmpi.intel/1.8.6

Job step resource usage:
       JobID    JobName  AllocCPUS  MaxVMSize     MaxRSS    Elapsed ExitCode 
------------ ---------- ---------- ---------- ---------- ---------- -------- 
13503755        cg.D.32         32                         00:00:05      0:0 
13503755.0         true          2    270464K      1540K   00:00:00      0:0 
13503755.1        orted          1          0          0   00:00:01      0:0 

Job 13503755 ("cg.D.32") completed on c3-26,c13-19 at lø. 12. des. 16:19:48 +0100 2015
