Starting job 13504050 ("CG-D") on c4-10 at lø. 12. des. 18:37:16 +0100 2015

Currently Loaded Modulefiles:
  1) intel/2015.3          2) openmpi.intel/1.8.6

Job script resource usage:
       JobID  MaxVMSize     MaxRSS 
------------ ---------- ---------- 
13504050.ba+  31013868K  21121508K 

Job step resource usage:
       JobID    JobName  AllocCPUS  MaxVMSize     MaxRSS    Elapsed ExitCode 
------------ ---------- ---------- ---------- ---------- ---------- -------- 
13504050           CG-D         16                         00:19:14      0:0 

Job 13504050 ("CG-D") completed on c4-10 at lø. 12. des. 18:56:30 +0100 2015
