Starting job 13682152 ("CG-D") on c11-[6,8,11-12] at ma. 04. jan. 00:52:02 +0100 2016

Currently Loaded Modulefiles:
  1) intel/2015.3          2) openmpi.intel/1.8.6

Job step resource usage:
       JobID    JobName  AllocCPUS  MaxVMSize     MaxRSS    Elapsed ExitCode 
------------ ---------- ---------- ---------- ---------- ---------- -------- 
13682152           CG-D         64                         00:03:57      0:0 
13682152.0         true          4    270464K      1540K   00:00:01      0:0 
13682152.1        orted          3  14287632K   6460404K   00:03:54      0:0 

Job 13682152 ("CG-D") completed on c11-[6,8,11-12] at ma. 04. jan. 00:55:58 +0100 2016
