Starting job 13682167 ("CG-D") on c11-[6,8,11-12] at ma. 04. jan. 01:34:31 +0100 2016

Currently Loaded Modulefiles:
  1) intel/2015.3          2) openmpi.intel/1.8.6

Job step resource usage:
       JobID    JobName  AllocCPUS  MaxVMSize     MaxRSS    Elapsed ExitCode 
------------ ---------- ---------- ---------- ---------- ---------- -------- 
13682167           CG-D         64                         00:05:02      0:0 
13682167.0         true          4    270464K      1540K   00:00:00      0:0 
13682167.1        orted          3          0          0   00:05:02      0:0 

Job 13682167 ("CG-D") completed on c11-[6,8,11-12] at ma. 04. jan. 01:39:33 +0100 2016
