Starting job 13668647 ("CG-D") on c10-[2,4] at lø. 02. jan. 03:39:24 +0100 2016

Currently Loaded Modulefiles:
  1) intel/2015.3          2) openmpi.intel/1.8.6

Job step resource usage:
       JobID    JobName  AllocCPUS  MaxVMSize     MaxRSS    Elapsed ExitCode 
------------ ---------- ---------- ---------- ---------- ---------- -------- 
13668647           CG-D         32                         00:05:17      0:0 
13668647.0         true          2    270464K      1.50M   00:00:00      0:0 
13668647.1        orted          1          0          0   00:05:17      0:0 

Job 13668647 ("CG-D") completed on c10-[2,4] at lø. 02. jan. 03:44:41 +0100 2016
