Starting job 13657866 ("CG-D") on c1-[15-16] at to. 31. des. 09:53:20 +0100 2015

Currently Loaded Modulefiles:
  1) intel/2015.3          2) openmpi.intel/1.8.6

Job step resource usage:
       JobID    JobName  AllocCPUS  MaxVMSize     MaxRSS    Elapsed ExitCode 
------------ ---------- ---------- ---------- ---------- ---------- -------- 
13657866           CG-D         32                         00:05:13      0:0 
13657866.0         true          2    270464K      1.50M   00:00:00      0:0 
13657866.1        orted          1          0          0   00:05:12      0:0 

Job 13657866 ("CG-D") completed on c1-[15-16] at to. 31. des. 09:58:33 +0100 2015
