Starting job 13513667 ("CG-D-2n") on c1-[13-14] at sø. 13. des. 21:53:00 +0100 2015

Currently Loaded Modulefiles:
  1) intel/2015.3          2) openmpi.intel/1.8.6

Job step resource usage:
       JobID    JobName  AllocCPUS  MaxVMSize     MaxRSS    Elapsed ExitCode 
------------ ---------- ---------- ---------- ---------- ---------- -------- 
13513667        CG-D-2n         32                         00:09:46      0:0 
13513667.0         true          2    270456K      1.50M   00:00:00      0:0 
13513667.1        orted          1  19366744K  11564304K   00:09:45      0:0 

Job 13513667 ("CG-D-2n") completed on c1-[13-14] at sø. 13. des. 22:02:46 +0100 2015
