Starting job 13513673 ("CG-D-2n") on c1-[13-14] at sø. 13. des. 22:03:01 +0100 2015

Currently Loaded Modulefiles:
  1) intel/2015.3          2) openmpi.intel/1.8.6

Job step resource usage:
       JobID    JobName  AllocCPUS  MaxVMSize     MaxRSS    Elapsed ExitCode 
------------ ---------- ---------- ---------- ---------- ---------- -------- 
13513673        CG-D-2n         32                         00:09:30      0:0 
13513673.0         true          2    270456K      1.50M   00:00:00      0:0 
13513673.1        orted          1          0          0   00:09:29      0:0 

Job 13513673 ("CG-D-2n") completed on c1-[13-14] at sø. 13. des. 22:12:30 +0100 2015
