Starting job 13668667 ("CG-D") on c10-2 at lø. 02. jan. 04:59:54 +0100 2016

Currently Loaded Modulefiles:
  1) intel/2015.3          2) openmpi.intel/1.8.6

Job script resource usage:
       JobID  MaxVMSize     MaxRSS 
------------ ---------- ---------- 
13668667.ba+  31012584K  21123620K 

Job step resource usage:
       JobID    JobName  AllocCPUS  MaxVMSize     MaxRSS    Elapsed ExitCode 
------------ ---------- ---------- ---------- ---------- ---------- -------- 
13668667           CG-D         16                         00:19:12      0:0 

Job 13668667 ("CG-D") completed on c10-2 at lø. 02. jan. 05:19:06 +0100 2016
