Starting job 13512317 ("CG-D-1n") on c6-13 at sø. 13. des. 19:06:30 +0100 2015

Currently Loaded Modulefiles:
  1) intel/2015.3          2) openmpi.intel/1.8.6

Job script resource usage:
       JobID  MaxVMSize     MaxRSS 
------------ ---------- ---------- 
13512317.ba+  31011960K  21121632K 

Job step resource usage:
       JobID    JobName  AllocCPUS  MaxVMSize     MaxRSS    Elapsed ExitCode 
------------ ---------- ---------- ---------- ---------- ---------- -------- 
13512317        CG-D-1n         16                         00:19:11      0:0 

Job 13512317 ("CG-D-1n") completed on c6-13 at sø. 13. des. 19:25:41 +0100 2015
