Starting job 13682992 ("CG-D") on c17-5 at ma. 04. jan. 07:02:27 +0100 2016

Currently Loaded Modulefiles:
  1) intel/2015.3          2) openmpi.intel/1.8.6

Job script resource usage:
       JobID  MaxVMSize     MaxRSS 
------------ ---------- ---------- 
13682992.ba+  31012332K  21122584K 

Job step resource usage:
       JobID    JobName  AllocCPUS  MaxVMSize     MaxRSS    Elapsed ExitCode 
------------ ---------- ---------- ---------- ---------- ---------- -------- 
13682992           CG-D         16                         00:19:06      0:0 

Job 13682992 ("CG-D") completed on c17-5 at ma. 04. jan. 07:21:33 +0100 2016
