Starting job 13682975 ("CG-D") on c17-4 at ma. 04. jan. 06:19:57 +0100 2016
slurmstepd: *** JOB 13682975 CANCELLED AT 2016-01-04T06:49:57 DUE TO TIME LIMIT ***

Currently Loaded Modulefiles:
  1) intel/2015.3          2) openmpi.intel/1.8.6

Job script resource usage:
       JobID  MaxVMSize     MaxRSS 
------------ ---------- ---------- 
13682975.ba+  31100872K  21095148K 

Job step resource usage:
       JobID    JobName  AllocCPUS  MaxVMSize     MaxRSS    Elapsed ExitCode 
------------ ---------- ---------- ---------- ---------- ---------- -------- 
13682975           CG-D         16                         00:30:00      1:0 

Job 13682975 ("CG-D") completed on c17-4 at ma. 04. jan. 06:49:57 +0100 2016
slurmstepd: _slurm_cgroup_destroy: problem deleting step cgroup path /dev/cgroup/freezer/slurm/uid_231636/job_13682975/step_batch: Device or resource busy
