Starting job 13682983 ("CG-D") on c17-5 at ma. 04. jan. 06:23:27 +0100 2016

Currently Loaded Modulefiles:
  1) intel/2015.3          2) openmpi.intel/1.8.6

Job script resource usage:
       JobID  MaxVMSize     MaxRSS 
------------ ---------- ---------- 
13682983.ba+  31010664K  21122504K 

Job step resource usage:
       JobID    JobName  AllocCPUS  MaxVMSize     MaxRSS    Elapsed ExitCode 
------------ ---------- ---------- ---------- ---------- ---------- -------- 
13682983           CG-D         16                         00:19:07      0:0 

Job 13682983 ("CG-D") completed on c17-5 at ma. 04. jan. 06:42:34 +0100 2016
