Starting job 13678825 ("CG-D") on c18-[3-6] at sø. 03. jan. 20:36:01 +0100 2016

Currently Loaded Modulefiles:
  1) intel/2015.3          2) openmpi.intel/1.8.6

Job step resource usage:
       JobID    JobName  AllocCPUS  MaxVMSize     MaxRSS    Elapsed ExitCode 
------------ ---------- ---------- ---------- ---------- ---------- -------- 
13678825           CG-D         64                         00:05:02      0:0 
13678825.0         true          4    270464K      1540K   00:00:00      0:0 
13678825.1        orted          3  14303124K   6474692K   00:05:01      0:0 

Job 13678825 ("CG-D") completed on c18-[3-6] at sø. 03. jan. 20:41:03 +0100 2016
