Starting job 13678425 ("CG-D") on c18-[3-6] at sø. 03. jan. 20:15:01 +0100 2016

Currently Loaded Modulefiles:
  1) intel/2015.3          2) openmpi.intel/1.8.6

Job step resource usage:
       JobID    JobName  AllocCPUS  MaxVMSize     MaxRSS    Elapsed ExitCode 
------------ ---------- ---------- ---------- ---------- ---------- -------- 
13678425           CG-D         64                         00:03:37      0:0 
13678425.0         true          4    270464K      1540K   00:00:00      0:0 
13678425.1        orted          3          0          0   00:03:34      0:0 

Job 13678425 ("CG-D") completed on c18-[3-6] at sø. 03. jan. 20:18:38 +0100 2016
